// Jest Snapshot v1, https://goo.gl/fbAQLP

exports[`<FAQ /> Page renders fine 1`] = `null`;
